// Jest Snapshot v1, https://goo.gl/fbAQLP

exports[`SingleChoiceCheckList renders correctly 1`] = `
<View
  style={
    Object {
      "height": undefined,
      "width": undefined,
    }
  }
>
  <RCTScrollView
    data={
      Array [
        "Male",
        "Female",
        "Others",
        "Preferred not say",
      ]
    }
    disableVirtualization={false}
    getItem={[Function]}
    getItemCount={[Function]}
    horizontal={false}
    initialNumToRender={10}
    keyExtractor={[Function]}
    maxToRenderPerBatch={10}
    onContentSizeChange={[Function]}
    onEndReachedThreshold={2}
    onLayout={[Function]}
    onMomentumScrollEnd={[Function]}
    onScroll={[Function]}
    onScrollBeginDrag={[Function]}
    onScrollEndDrag={[Function]}
    removeClippedSubviews={false}
    renderItem={[Function]}
    scrollEventThrottle={50}
    showsVerticalScrollIndicator={false}
    stickyHeaderIndices={Array []}
    updateCellsBatchingPeriod={50}
    viewabilityConfigCallbackPairs={Array []}
    windowSize={21}
  >
    <View>
      <View
        onLayout={[Function]}
        style={null}
      >
        <View
          accessibilityRole="checkbox"
          accessibilityState={
            Object {
              "checked": true,
            }
          }
          accessible={true}
          focusable={true}
          onClick={[Function]}
          onResponderGrant={[Function]}
          onResponderMove={[Function]}
          onResponderRelease={[Function]}
          onResponderTerminate={[Function]}
          onResponderTerminationRequest={[Function]}
          onStartShouldSetResponder={[Function]}
          style={
            Object {
              "backgroundColor": "transparent",
              "borderColor": "transparent",
              "borderRadius": 3,
              "borderWidth": 1,
              "margin": 5,
              "marginLeft": 10,
              "marginRight": 10,
              "opacity": 1,
              "padding": 10,
            }
          }
          testID="checkbox"
        >
          <View
            style={
              Object {
                "alignItems": "center",
                "flexDirection": "row",
              }
            }
          >
            <Text
              allowFontScaling={false}
              style={
                Array [
                  Object {
                    "color": "#FF7D8E",
                    "fontSize": 24,
                  },
                  Object {
                    "minWidth": 24,
                  },
                  Object {
                    "fontFamily": "FontAwesome",
                    "fontStyle": "normal",
                    "fontWeight": "normal",
                  },
                  Object {},
                ]
              }
            >
              
            </Text>
            <Text
              style={
                Object {
                  "color": "#6e6e6e",
                  "fontWeight": "400",
                  "marginLeft": 10,
                  "marginRight": 10,
                  "textTransform": "capitalize",
                }
              }
              testID="checkboxTitle"
            >
              Gender
            </Text>
          </View>
        </View>
      </View>
      <View
        onLayout={[Function]}
        style={null}
      >
        <View
          accessibilityRole="checkbox"
          accessibilityState={
            Object {
              "checked": true,
            }
          }
          accessible={true}
          focusable={true}
          onClick={[Function]}
          onResponderGrant={[Function]}
          onResponderMove={[Function]}
          onResponderRelease={[Function]}
          onResponderTerminate={[Function]}
          onResponderTerminationRequest={[Function]}
          onStartShouldSetResponder={[Function]}
          style={
            Object {
              "backgroundColor": "transparent",
              "borderColor": "transparent",
              "borderRadius": 3,
              "borderWidth": 1,
              "margin": 5,
              "marginLeft": 10,
              "marginRight": 10,
              "opacity": 1,
              "padding": 10,
            }
          }
          testID="checkbox"
        >
          <View
            style={
              Object {
                "alignItems": "center",
                "flexDirection": "row",
              }
            }
          >
            <Text
              allowFontScaling={false}
              style={
                Array [
                  Object {
                    "color": "#FF7D8E",
                    "fontSize": 24,
                  },
                  Object {
                    "minWidth": 24,
                  },
                  Object {
                    "fontFamily": "FontAwesome",
                    "fontStyle": "normal",
                    "fontWeight": "normal",
                  },
                  Object {},
                ]
              }
            >
              
            </Text>
            <Text
              style={
                Object {
                  "color": "#6e6e6e",
                  "fontWeight": "400",
                  "marginLeft": 10,
                  "marginRight": 10,
                  "textTransform": "capitalize",
                }
              }
              testID="checkboxTitle"
            >
              Gender
            </Text>
          </View>
        </View>
      </View>
      <View
        onLayout={[Function]}
        style={null}
      >
        <View
          accessibilityRole="checkbox"
          accessibilityState={
            Object {
              "checked": true,
            }
          }
          accessible={true}
          focusable={true}
          onClick={[Function]}
          onResponderGrant={[Function]}
          onResponderMove={[Function]}
          onResponderRelease={[Function]}
          onResponderTerminate={[Function]}
          onResponderTerminationRequest={[Function]}
          onStartShouldSetResponder={[Function]}
          style={
            Object {
              "backgroundColor": "transparent",
              "borderColor": "transparent",
              "borderRadius": 3,
              "borderWidth": 1,
              "margin": 5,
              "marginLeft": 10,
              "marginRight": 10,
              "opacity": 1,
              "padding": 10,
            }
          }
          testID="checkbox"
        >
          <View
            style={
              Object {
                "alignItems": "center",
                "flexDirection": "row",
              }
            }
          >
            <Text
              allowFontScaling={false}
              style={
                Array [
                  Object {
                    "color": "#FF7D8E",
                    "fontSize": 24,
                  },
                  Object {
                    "minWidth": 24,
                  },
                  Object {
                    "fontFamily": "FontAwesome",
                    "fontStyle": "normal",
                    "fontWeight": "normal",
                  },
                  Object {},
                ]
              }
            >
              
            </Text>
            <Text
              style={
                Object {
                  "color": "#6e6e6e",
                  "fontWeight": "400",
                  "marginLeft": 10,
                  "marginRight": 10,
                  "textTransform": "capitalize",
                }
              }
              testID="checkboxTitle"
            >
              Gender
            </Text>
          </View>
        </View>
      </View>
      <View
        onLayout={[Function]}
        style={null}
      >
        <View
          accessibilityRole="checkbox"
          accessibilityState={
            Object {
              "checked": true,
            }
          }
          accessible={true}
          focusable={true}
          onClick={[Function]}
          onResponderGrant={[Function]}
          onResponderMove={[Function]}
          onResponderRelease={[Function]}
          onResponderTerminate={[Function]}
          onResponderTerminationRequest={[Function]}
          onStartShouldSetResponder={[Function]}
          style={
            Object {
              "backgroundColor": "transparent",
              "borderColor": "transparent",
              "borderRadius": 3,
              "borderWidth": 1,
              "margin": 5,
              "marginLeft": 10,
              "marginRight": 10,
              "opacity": 1,
              "padding": 10,
            }
          }
          testID="checkbox"
        >
          <View
            style={
              Object {
                "alignItems": "center",
                "flexDirection": "row",
              }
            }
          >
            <Text
              allowFontScaling={false}
              style={
                Array [
                  Object {
                    "color": "#FF7D8E",
                    "fontSize": 24,
                  },
                  Object {
                    "minWidth": 24,
                  },
                  Object {
                    "fontFamily": "FontAwesome",
                    "fontStyle": "normal",
                    "fontWeight": "normal",
                  },
                  Object {},
                ]
              }
            >
              
            </Text>
            <Text
              style={
                Object {
                  "color": "#6e6e6e",
                  "fontWeight": "400",
                  "marginLeft": 10,
                  "marginRight": 10,
                  "textTransform": "capitalize",
                }
              }
              testID="checkboxTitle"
            >
              Gender
            </Text>
          </View>
        </View>
      </View>
    </View>
  </RCTScrollView>
</View>
`;
