// Jest Snapshot v1, https://goo.gl/fbAQLP

exports[`TimePicker renders correctly 1`] = `
<View
  style={
    Object {
      "backgroundColor": "#fdfdfd",
      "borderRadius": 10,
      "width": "90%",
    }
  }
>
  <View
    style={
      Object {
        "alignItems": "center",
        "flexDirection": "row",
        "height": 50,
        "paddingHorizontal": 20,
      }
    }
  >
    <Text
      style={
        Object {
          "color": "#242424",
          "fontSize": 16,
          "marginLeft": 10,
        }
      }
    >
      
    </Text>
  </View>
  <View
    style={
      Object {
        "backgroundColor": "#f7f7f7",
        "borderBottomLeftRadius": 10,
        "borderBottomRightRadius": 10,
        "borderTopColor": "#ededed",
        "borderTopWidth": 1,
      }
    }
  />
</View>
`;
