// Jest Snapshot v1, https://goo.gl/fbAQLP

exports[`PrimaryButton renders correctly 1`] = `
<View
  style={
    Array [
      Object {
        "borderRadius": 3,
        "overflow": "hidden",
      },
      Object {
        "borderRadius": 3,
      },
      Object {
        "borderRadius": 20,
        "height": 40,
        "width": 120,
      },
      false,
    ]
  }
>
  <View
    accessibilityRole="button"
    accessibilityState={
      Object {
        "busy": false,
        "disabled": false,
      }
    }
    accessible={true}
    focusable={true}
    onClick={[Function]}
    onResponderGrant={[Function]}
    onResponderMove={[Function]}
    onResponderRelease={[Function]}
    onResponderTerminate={[Function]}
    onResponderTerminationRequest={[Function]}
    onStartShouldSetResponder={[Function]}
    style={
      Object {
        "opacity": 1,
      }
    }
  >
    <View
      style={
        Object {
          "alignItems": "center",
          "backgroundColor": "#FF6C63",
          "borderColor": "#2089dc",
          "borderRadius": 20,
          "borderWidth": 0,
          "flexDirection": "row",
          "height": 40,
          "justifyContent": "center",
          "padding": 8,
          "width": 120,
        }
      }
    >
      <Text
        style={
          Object {
            "color": "#fdfdfd",
            "fontSize": 18,
            "paddingVertical": 1,
            "textAlign": "center",
          }
        }
      >
        Primary Button
      </Text>
    </View>
  </View>
</View>
`;
